F-14=RWR_F-14.tga
NASARR=RWR_F-104.tga
ScanOdd=RWR_MIG-17.tga
RS-2US=RWR_MIG-21.TGA
SpinScan=RWR_MIG-21.tga
JayBird=RWR_MIG-21.tga
Kopyo=RWR_MIG-21.tga
HighLark=RWR_MIG-23.tga
Smerch-A=RWR_MIG-25.tga
Cyrano=RWR_Mirage3.tga
BarLock=RWR_Search.tga
LongTrack=RWR_Search.tga
DogEar=RWR_Search.tga
AAA=RWR_AAA.tga
Hawk=RWR_Hawk.tga
M163=RWR_M163.tga
SA-2=RWR_SA-2.tga
SA-3=RWR_SA-3.tga
SA-6=RWR_SA-6.tga
SA-8=RWR_SA-8.tga
SA-10=RWR_SA-10.tga
SA-11=RWR_SA-11.TGA
ZSU-23=RWR_ZSU-23.tga
EF2K=RWR_EF2K.tga
AV-8=RWR_AV8.tga
SlotBack=RWR_MIG-29.TGA
Mirage2K=RWR_Mirage2k.tga
Mirage2KI=RWR_Mirage2ki.tga
Mirage2K=RWR_Mirage2k.tga
MirageF1=RWR_MirageF1.tga
MIRAGE3=RWR_MIRAGE_III_CJ.TGA
MISSILE=RWR_MISSILE.TGA
PATRIOT=RWR_PATRIOT.TGA
Orion=RWR_SU-24.tga
FlashDance=RWR-MIG-31.tga
Irbis=RWR_N-035.tga
Bars=RWR_SU-30.tga
Zhuk=RWR_SU-30.tga
SlotBack27=RWR_SU-27.TGA
J-10=RWR_J-10.tga
A-4=RWR_A-4.tga
A-10=RWR_A-10.tga
AMX=RWR_AMX.tga
B-52=RWR_B-52.tga
C-5=RWR_C-5.tga
EF-18G=RWR_E-18.TGA
F-15=RWR_F-15.TGA
F-16=RWR_F-16.TGA
F-35=RWR_F-35.tga
F-18=RWR_F-18.TGA
F-4=RWR_F-4.tga
F-8=RWR_F-8.tga
HarrierGR=RWR_Harrier.tga
IL-28=RWR_IL28.tga
Jaguar=RWR_Jaguar.tga
MiG-21=RWR_MIG-21.TGA
MiG-23=RWR_MIG-23.TGA
MiG-25=RWR_MIG-25.TGA
MiG-27=RWR_MIG-27.TGA
MiG-29=RWR_MIG-29.TGA
MiG-31=RWR_MIG-31.TGA
Tu-22=RWR_TU-22.tga
Su-24=RWR_SU-24.tga
Su-27=RWR_SU-27.tga
Su-30=RWR_SU-30.tga
Su-35=RWR_SU-35.tga
Su-39=RWR_SU-39.tga
JAS39=RWR_JAS-39.tga
F3=RWR_F3.TGA
F-22=RWR_F-22.tga
SA-13=RWR_SA13.tga
SA-15=RWR_SA15.tga
SA-17=RWR_SA-17.tga
SA-19=RWR_SA19.tga
Roland=RWR_Roland.tga
Firecan=RWR_Search.tga
M167=RWR_M163.tga
AESA79=RWR_AESA79.tga
AESA73=RWR_AESA73.tga
FoxFire=RWR_MIG-25.tga
Foxhunter=RWR_F3.tga
Lightning=RWR_Lightning.tga
Oryol=RWR_SU-15.tga
Taifun=RWR_SU-15.tga
Zaslon=RWR_MIG-31.tga
Firecan=RWR_FireCan.tga
Flatface=RWR_SA-3.tga
Gepard=RWR_Gepard.tga
Hawk_CWAR=RWR_Search.tga
Hawk_PAR=RWR_Search.tga
KS-12=RWR_AAA.tga
KS-19=RWR_AAA.tga
NIKE=RWR_NIKE.tga
NIKE_LOPAR=RWR_Search.tga
NIKE_TTR=RWR_Search.tga
Spoonrest=RWR_Search.tga
Q-5=RWR_Q-5.TGA
Cyrano4=RWR_MirageF1.tga
Saphir=RWR_MIG-25.tga
2S6=RWR_2S6.tga
SA-5=RWR_SA-5.tga